app/module-detail/[id].tsx(342,19): error TS2322: Type 'TextStyle | ViewStyle | ImageStyle' is not assignable to type 'Falsy | ViewStyle | RegisteredStyle<ViewStyle> | RecursiveArray<Falsy | ViewStyle | RegisteredStyle<ViewStyle>> | readonly (Falsy | ... 1 more ... | RegisteredStyle<...>)[]'.
  Type 'TextStyle' is not assignable to type 'Falsy | ViewStyle | RegisteredStyle<ViewStyle> | RecursiveArray<Falsy | ViewStyle | RegisteredStyle<ViewStyle>> | readonly (Falsy | ... 1 more ... | RegisteredStyle<...>)[]'.
    Type 'TextStyle' is not assignable to type 'ViewStyle'.
      Types of property 'cursor' are incompatible.
        Type 'string' is not assignable to type 'CursorValue'.
app/module-detail/[id].tsx(430,27): error TS2339: Property 'error' does not exist on type 'AVPlaybackStatus'.
  Property 'error' does not exist on type 'AVPlaybackStatusSuccess'.
app/module-detail/[id].tsx(431,87): error TS2339: Property 'error' does not exist on type 'AVPlaybackStatus'.
  Property 'error' does not exist on type 'AVPlaybackStatusSuccess'.
app/module-detail/[id].tsx(760,29): error TS2322: Type 'TextStyle | ViewStyle | ImageStyle' is not assignable to type 'Falsy | ViewStyle | RegisteredStyle<ViewStyle> | RecursiveArray<Falsy | ViewStyle | RegisteredStyle<ViewStyle>> | readonly (Falsy | ... 1 more ... | RegisteredStyle<...>)[]'.
  Type 'TextStyle' is not assignable to type 'Falsy | ViewStyle | RegisteredStyle<ViewStyle> | RecursiveArray<Falsy | ViewStyle | RegisteredStyle<ViewStyle>> | readonly (Falsy | ... 1 more ... | RegisteredStyle<...>)[]'.
    Type 'TextStyle' is not assignable to type 'ViewStyle'.
      Types of property 'cursor' are incompatible.
        Type 'string' is not assignable to type 'CursorValue'.
app/module-detail/[id].tsx(768,31): error TS2322: Type 'TextStyle | ViewStyle | ImageStyle' is not assignable to type 'Falsy | ViewStyle | RegisteredStyle<ViewStyle> | RecursiveArray<Falsy | ViewStyle | RegisteredStyle<ViewStyle>> | readonly (Falsy | ... 1 more ... | RegisteredStyle<...>)[]'.
  Type 'TextStyle' is not assignable to type 'Falsy | ViewStyle | RegisteredStyle<ViewStyle> | RecursiveArray<Falsy | ViewStyle | RegisteredStyle<ViewStyle>> | readonly (Falsy | ... 1 more ... | RegisteredStyle<...>)[]'.
    Type 'TextStyle' is not assignable to type 'ViewStyle'.
      Types of property 'cursor' are incompatible.
        Type 'string' is not assignable to type 'CursorValue'.
app/module-detail/[id].tsx(779,31): error TS2322: Type 'TextStyle | ViewStyle | ImageStyle' is not assignable to type 'Falsy | ViewStyle | RegisteredStyle<ViewStyle> | RecursiveArray<Falsy | ViewStyle | RegisteredStyle<ViewStyle>> | readonly (Falsy | ... 1 more ... | RegisteredStyle<...>)[]'.
  Type 'TextStyle' is not assignable to type 'Falsy | ViewStyle | RegisteredStyle<ViewStyle> | RecursiveArray<Falsy | ViewStyle | RegisteredStyle<ViewStyle>> | readonly (Falsy | ... 1 more ... | RegisteredStyle<...>)[]'.
    Type 'TextStyle' is not assignable to type 'ViewStyle'.
      Types of property 'cursor' are incompatible.
        Type 'string' is not assignable to type 'CursorValue'.
app/module-detail/[id].tsx(786,31): error TS2322: Type 'TextStyle | ViewStyle | ImageStyle' is not assignable to type 'Falsy | ViewStyle | RegisteredStyle<ViewStyle> | RecursiveArray<Falsy | ViewStyle | RegisteredStyle<ViewStyle>> | readonly (Falsy | ... 1 more ... | RegisteredStyle<...>)[]'.
  Type 'TextStyle' is not assignable to type 'Falsy | ViewStyle | RegisteredStyle<ViewStyle> | RecursiveArray<Falsy | ViewStyle | RegisteredStyle<ViewStyle>> | readonly (Falsy | ... 1 more ... | RegisteredStyle<...>)[]'.
    Type 'TextStyle' is not assignable to type 'ViewStyle'.
      Types of property 'cursor' are incompatible.
        Type 'string' is not assignable to type 'CursorValue'.
app/module-detail/[id].tsx(794,29): error TS2322: Type 'TextStyle | ViewStyle | ImageStyle' is not assignable to type 'Falsy | ViewStyle | RegisteredStyle<ViewStyle> | RecursiveArray<Falsy | ViewStyle | RegisteredStyle<ViewStyle>> | readonly (Falsy | ... 1 more ... | RegisteredStyle<...>)[]'.
  Type 'TextStyle' is not assignable to type 'Falsy | ViewStyle | RegisteredStyle<ViewStyle> | RecursiveArray<Falsy | ViewStyle | RegisteredStyle<ViewStyle>> | readonly (Falsy | ... 1 more ... | RegisteredStyle<...>)[]'.
    Type 'TextStyle' is not assignable to type 'ViewStyle'.
      Types of property 'cursor' are incompatible.
        Type 'string' is not assignable to type 'CursorValue'.
app/module-detail/[id].tsx(828,25): error TS2322: Type 'TextStyle | ViewStyle | ImageStyle' is not assignable to type 'Falsy | ViewStyle | RegisteredStyle<ViewStyle> | RecursiveArray<Falsy | ViewStyle | RegisteredStyle<ViewStyle>> | readonly (Falsy | ... 1 more ... | RegisteredStyle<...>)[]'.
  Type 'TextStyle' is not assignable to type 'Falsy | ViewStyle | RegisteredStyle<ViewStyle> | RecursiveArray<Falsy | ViewStyle | RegisteredStyle<ViewStyle>> | readonly (Falsy | ... 1 more ... | RegisteredStyle<...>)[]'.
    Type 'TextStyle' is not assignable to type 'ViewStyle'.
      Types of property 'cursor' are incompatible.
        Type 'string' is not assignable to type 'CursorValue'.
app/module-detail/[id].tsx(842,65): error TS2322: Type 'TextStyle | ViewStyle | ImageStyle' is not assignable to type 'StyleProp<ViewStyle> | ((state: PressableStateCallbackType) => StyleProp<ViewStyle>)'.
  Type 'TextStyle' is not assignable to type 'StyleProp<ViewStyle> | ((state: PressableStateCallbackType) => StyleProp<ViewStyle>)'.
    Type 'TextStyle' is not assignable to type 'ViewStyle'.
      Types of property 'cursor' are incompatible.
        Type 'string' is not assignable to type 'CursorValue'.
app/module-detail/[id].tsx(869,23): error TS2322: Type 'TextStyle | ViewStyle | ImageStyle' is not assignable to type 'Falsy | ViewStyle | RegisteredStyle<ViewStyle> | RecursiveArray<Falsy | ViewStyle | RegisteredStyle<ViewStyle>> | readonly (Falsy | ... 1 more ... | RegisteredStyle<...>)[]'.
  Type 'TextStyle' is not assignable to type 'Falsy | ViewStyle | RegisteredStyle<ViewStyle> | RecursiveArray<Falsy | ViewStyle | RegisteredStyle<ViewStyle>> | readonly (Falsy | ... 1 more ... | RegisteredStyle<...>)[]'.
    Type 'TextStyle' is not assignable to type 'ViewStyle'.
      Types of property 'cursor' are incompatible.
        Type 'string' is not assignable to type 'CursorValue'.
app/module-detail/[id].tsx(874,24): error TS2769: No overload matches this call.
  Overload 1 of 2, '(props: ViewProps): View', gave the following error.
    Type 'TextStyle | ViewStyle | ImageStyle' is not assignable to type 'Falsy | ViewStyle | RegisteredStyle<ViewStyle> | RecursiveArray<Falsy | ViewStyle | RegisteredStyle<ViewStyle>> | readonly (Falsy | ... 1 more ... | RegisteredStyle<...>)[]'.
      Type 'TextStyle' is not assignable to type 'Falsy | ViewStyle | RegisteredStyle<ViewStyle> | RecursiveArray<Falsy | ViewStyle | RegisteredStyle<ViewStyle>> | readonly (Falsy | ... 1 more ... | RegisteredStyle<...>)[]'.
        Type 'TextStyle' is not assignable to type 'ViewStyle'.
          Types of property 'cursor' are incompatible.
            Type 'string' is not assignable to type 'CursorValue'.
  Overload 2 of 2, '(props: ViewProps, context: any): View', gave the following error.
    Type 'TextStyle | ViewStyle | ImageStyle' is not assignable to type 'Falsy | ViewStyle | RegisteredStyle<ViewStyle> | RecursiveArray<Falsy | ViewStyle | RegisteredStyle<ViewStyle>> | readonly (Falsy | ... 1 more ... | RegisteredStyle<...>)[]'.
      Type 'TextStyle' is not assignable to type 'Falsy | ViewStyle | RegisteredStyle<ViewStyle> | RecursiveArray<Falsy | ViewStyle | RegisteredStyle<ViewStyle>> | readonly (Falsy | ... 1 more ... | RegisteredStyle<...>)[]'.
        Type 'TextStyle' is not assignable to type 'ViewStyle'.
          Types of property 'cursor' are incompatible.
            Type 'string' is not assignable to type 'CursorValue'.
app/module-detail/[id].tsx(889,22): error TS2322: Type 'TextStyle | ViewStyle | ImageStyle' is not assignable to type 'Falsy | ViewStyle | RegisteredStyle<ViewStyle> | RecursiveArray<Falsy | ViewStyle | RegisteredStyle<ViewStyle>> | readonly (Falsy | ... 1 more ... | RegisteredStyle<...>)[]'.
  Type 'TextStyle' is not assignable to type 'Falsy | ViewStyle | RegisteredStyle<ViewStyle> | RecursiveArray<Falsy | ViewStyle | RegisteredStyle<ViewStyle>> | readonly (Falsy | ... 1 more ... | RegisteredStyle<...>)[]'.
    Type 'TextStyle' is not assignable to type 'ViewStyle'.
      Types of property 'cursor' are incompatible.
        Type 'string' is not assignable to type 'CursorValue'.
app/module-detail/[id].tsx(917,37): error TS2322: Type 'TextStyle | ViewStyle | ImageStyle' is not assignable to type 'Falsy | ViewStyle | RegisteredStyle<ViewStyle> | RecursiveArray<Falsy | ViewStyle | RegisteredStyle<ViewStyle>> | readonly (Falsy | ... 1 more ... | RegisteredStyle<...>)[]'.
  Type 'TextStyle' is not assignable to type 'Falsy | ViewStyle | RegisteredStyle<ViewStyle> | RecursiveArray<Falsy | ViewStyle | RegisteredStyle<ViewStyle>> | readonly (Falsy | ... 1 more ... | RegisteredStyle<...>)[]'.
    Type 'TextStyle' is not assignable to type 'ViewStyle'.
      Types of property 'cursor' are incompatible.
        Type 'string' is not assignable to type 'CursorValue'.
app/module-detail/[id].tsx(923,37): error TS2322: Type 'TextStyle | ViewStyle | ImageStyle' is not assignable to type 'Falsy | ViewStyle | RegisteredStyle<ViewStyle> | RecursiveArray<Falsy | ViewStyle | RegisteredStyle<ViewStyle>> | readonly (Falsy | ... 1 more ... | RegisteredStyle<...>)[]'.
  Type 'TextStyle' is not assignable to type 'Falsy | ViewStyle | RegisteredStyle<ViewStyle> | RecursiveArray<Falsy | ViewStyle | RegisteredStyle<ViewStyle>> | readonly (Falsy | ... 1 more ... | RegisteredStyle<...>)[]'.
    Type 'TextStyle' is not assignable to type 'ViewStyle'.
      Types of property 'cursor' are incompatible.
        Type 'string' is not assignable to type 'CursorValue'.
app/module-detail/[id].tsx(948,37): error TS2322: Type 'TextStyle | ViewStyle | ImageStyle' is not assignable to type 'Falsy | ViewStyle | RegisteredStyle<ViewStyle> | RecursiveArray<Falsy | ViewStyle | RegisteredStyle<ViewStyle>> | readonly (Falsy | ... 1 more ... | RegisteredStyle<...>)[]'.
  Type 'TextStyle' is not assignable to type 'Falsy | ViewStyle | RegisteredStyle<ViewStyle> | RecursiveArray<Falsy | ViewStyle | RegisteredStyle<ViewStyle>> | readonly (Falsy | ... 1 more ... | RegisteredStyle<...>)[]'.
    Type 'TextStyle' is not assignable to type 'ViewStyle'.
      Types of property 'cursor' are incompatible.
        Type 'string' is not assignable to type 'CursorValue'.
app/module-detail/[id].tsx(954,37): error TS2322: Type 'TextStyle | ViewStyle | ImageStyle' is not assignable to type 'Falsy | ViewStyle | RegisteredStyle<ViewStyle> | RecursiveArray<Falsy | ViewStyle | RegisteredStyle<ViewStyle>> | readonly (Falsy | ... 1 more ... | RegisteredStyle<...>)[]'.
  Type 'TextStyle' is not assignable to type 'Falsy | ViewStyle | RegisteredStyle<ViewStyle> | RecursiveArray<Falsy | ViewStyle | RegisteredStyle<ViewStyle>> | readonly (Falsy | ... 1 more ... | RegisteredStyle<...>)[]'.
    Type 'TextStyle' is not assignable to type 'ViewStyle'.
      Types of property 'cursor' are incompatible.
        Type 'string' is not assignable to type 'CursorValue'.
app/module-detail/[id].tsx(976,16): error TS2322: Type 'TextStyle | ViewStyle | ImageStyle' is not assignable to type 'StyleProp<ViewStyle> | ((state: PressableStateCallbackType) => StyleProp<ViewStyle>)'.
  Type 'TextStyle' is not assignable to type 'StyleProp<ViewStyle> | ((state: PressableStateCallbackType) => StyleProp<ViewStyle>)'.
    Type 'TextStyle' is not assignable to type 'ViewStyle'.
      Types of property 'cursor' are incompatible.
        Type 'string' is not assignable to type 'CursorValue'.
app/module-detail/[id].tsx(1001,23): error TS2322: Type 'TextStyle | ViewStyle | ImageStyle' is not assignable to type 'Falsy | ViewStyle | RegisteredStyle<ViewStyle> | RecursiveArray<Falsy | ViewStyle | RegisteredStyle<ViewStyle>> | readonly (Falsy | ... 1 more ... | RegisteredStyle<...>)[]'.
  Type 'TextStyle' is not assignable to type 'Falsy | ViewStyle | RegisteredStyle<ViewStyle> | RecursiveArray<Falsy | ViewStyle | RegisteredStyle<ViewStyle>> | readonly (Falsy | ... 1 more ... | RegisteredStyle<...>)[]'.
    Type 'TextStyle' is not assignable to type 'ViewStyle'.
      Types of property 'cursor' are incompatible.
        Type 'string' is not assignable to type 'CursorValue'.
app/module-detail/[id].tsx(1006,24): error TS2769: No overload matches this call.
  Overload 1 of 2, '(props: ViewProps): View', gave the following error.
    Type 'TextStyle | ViewStyle | ImageStyle' is not assignable to type 'Falsy | ViewStyle | RegisteredStyle<ViewStyle> | RecursiveArray<Falsy | ViewStyle | RegisteredStyle<ViewStyle>> | readonly (Falsy | ... 1 more ... | RegisteredStyle<...>)[]'.
      Type 'TextStyle' is not assignable to type 'Falsy | ViewStyle | RegisteredStyle<ViewStyle> | RecursiveArray<Falsy | ViewStyle | RegisteredStyle<ViewStyle>> | readonly (Falsy | ... 1 more ... | RegisteredStyle<...>)[]'.
        Type 'TextStyle' is not assignable to type 'ViewStyle'.
          Types of property 'cursor' are incompatible.
            Type 'string' is not assignable to type 'CursorValue'.
  Overload 2 of 2, '(props: ViewProps, context: any): View', gave the following error.
    Type 'TextStyle | ViewStyle | ImageStyle' is not assignable to type 'Falsy | ViewStyle | RegisteredStyle<ViewStyle> | RecursiveArray<Falsy | ViewStyle | RegisteredStyle<ViewStyle>> | readonly (Falsy | ... 1 more ... | RegisteredStyle<...>)[]'.
      Type 'TextStyle' is not assignable to type 'Falsy | ViewStyle | RegisteredStyle<ViewStyle> | RecursiveArray<Falsy | ViewStyle | RegisteredStyle<ViewStyle>> | readonly (Falsy | ... 1 more ... | RegisteredStyle<...>)[]'.
        Type 'TextStyle' is not assignable to type 'ViewStyle'.
          Types of property 'cursor' are incompatible.
            Type 'string' is not assignable to type 'CursorValue'.
app/module-detail/[id].tsx(1021,22): error TS2322: Type 'TextStyle | ViewStyle | ImageStyle' is not assignable to type 'Falsy | ViewStyle | RegisteredStyle<ViewStyle> | RecursiveArray<Falsy | ViewStyle | RegisteredStyle<ViewStyle>> | readonly (Falsy | ... 1 more ... | RegisteredStyle<...>)[]'.
  Type 'TextStyle' is not assignable to type 'Falsy | ViewStyle | RegisteredStyle<ViewStyle> | RecursiveArray<Falsy | ViewStyle | RegisteredStyle<ViewStyle>> | readonly (Falsy | ... 1 more ... | RegisteredStyle<...>)[]'.
    Type 'TextStyle' is not assignable to type 'ViewStyle'.
      Types of property 'cursor' are incompatible.
        Type 'string' is not assignable to type 'CursorValue'.
app/module-detail/[id].tsx(1072,33): error TS2322: Type 'TextStyle | ViewStyle | ImageStyle' is not assignable to type 'Falsy | ViewStyle | RegisteredStyle<ViewStyle> | RecursiveArray<Falsy | ViewStyle | RegisteredStyle<ViewStyle>> | readonly (Falsy | ... 1 more ... | RegisteredStyle<...>)[]'.
  Type 'TextStyle' is not assignable to type 'Falsy | ViewStyle | RegisteredStyle<ViewStyle> | RecursiveArray<Falsy | ViewStyle | RegisteredStyle<ViewStyle>> | readonly (Falsy | ... 1 more ... | RegisteredStyle<...>)[]'.
    Type 'TextStyle' is not assignable to type 'ViewStyle'.
      Types of property 'cursor' are incompatible.
        Type 'string' is not assignable to type 'CursorValue'.
app/module-detail/[id].tsx(1100,37): error TS2322: Type 'TextStyle | ViewStyle | ImageStyle' is not assignable to type 'Falsy | ViewStyle | RegisteredStyle<ViewStyle> | RecursiveArray<Falsy | ViewStyle | RegisteredStyle<ViewStyle>> | readonly (Falsy | ... 1 more ... | RegisteredStyle<...>)[]'.
  Type 'TextStyle' is not assignable to type 'Falsy | ViewStyle | RegisteredStyle<ViewStyle> | RecursiveArray<Falsy | ViewStyle | RegisteredStyle<ViewStyle>> | readonly (Falsy | ... 1 more ... | RegisteredStyle<...>)[]'.
    Type 'TextStyle' is not assignable to type 'ViewStyle'.
      Types of property 'cursor' are incompatible.
        Type 'string' is not assignable to type 'CursorValue'.
app/module-detail/[id].tsx(1107,37): error TS2322: Type 'TextStyle | ViewStyle | ImageStyle' is not assignable to type 'Falsy | ViewStyle | RegisteredStyle<ViewStyle> | RecursiveArray<Falsy | ViewStyle | RegisteredStyle<ViewStyle>> | readonly (Falsy | ... 1 more ... | RegisteredStyle<...>)[]'.
  Type 'TextStyle' is not assignable to type 'Falsy | ViewStyle | RegisteredStyle<ViewStyle> | RecursiveArray<Falsy | ViewStyle | RegisteredStyle<ViewStyle>> | readonly (Falsy | ... 1 more ... | RegisteredStyle<...>)[]'.
    Type 'TextStyle' is not assignable to type 'ViewStyle'.
      Types of property 'cursor' are incompatible.
        Type 'string' is not assignable to type 'CursorValue'.
app/module-detail/[id].tsx(1139,25): error TS2322: Type 'TextStyle | ViewStyle | ImageStyle' is not assignable to type 'Falsy | ViewStyle | RegisteredStyle<ViewStyle> | RecursiveArray<Falsy | ViewStyle | RegisteredStyle<ViewStyle>> | readonly (Falsy | ... 1 more ... | RegisteredStyle<...>)[]'.
  Type 'TextStyle' is not assignable to type 'Falsy | ViewStyle | RegisteredStyle<ViewStyle> | RecursiveArray<Falsy | ViewStyle | RegisteredStyle<ViewStyle>> | readonly (Falsy | ... 1 more ... | RegisteredStyle<...>)[]'.
    Type 'TextStyle' is not assignable to type 'ViewStyle'.
      Types of property 'cursor' are incompatible.
        Type 'string' is not assignable to type 'CursorValue'.
app/module-detail/[id].tsx(1146,27): error TS2322: Type 'TextStyle | ViewStyle | ImageStyle' is not assignable to type 'Falsy | ViewStyle | RegisteredStyle<ViewStyle> | RecursiveArray<Falsy | ViewStyle | RegisteredStyle<ViewStyle>> | readonly (Falsy | ... 1 more ... | RegisteredStyle<...>)[]'.
  Type 'TextStyle' is not assignable to type 'Falsy | ViewStyle | RegisteredStyle<ViewStyle> | RecursiveArray<Falsy | ViewStyle | RegisteredStyle<ViewStyle>> | readonly (Falsy | ... 1 more ... | RegisteredStyle<...>)[]'.
    Type 'TextStyle' is not assignable to type 'ViewStyle'.
      Types of property 'cursor' are incompatible.
        Type 'string' is not assignable to type 'CursorValue'.
app/module-detail/[id].tsx(1184,31): error TS2769: No overload matches this call.
  Overload 1 of 2, '(props: ViewProps): View', gave the following error.
    Type 'TextStyle | ViewStyle | ImageStyle' is not assignable to type 'Falsy | ViewStyle | RegisteredStyle<ViewStyle> | RecursiveArray<Falsy | ViewStyle | RegisteredStyle<ViewStyle>> | readonly (Falsy | ... 1 more ... | RegisteredStyle<...>)[]'.
      Type 'TextStyle' is not assignable to type 'Falsy | ViewStyle | RegisteredStyle<ViewStyle> | RecursiveArray<Falsy | ViewStyle | RegisteredStyle<ViewStyle>> | readonly (Falsy | ... 1 more ... | RegisteredStyle<...>)[]'.
        Type 'TextStyle' is not assignable to type 'ViewStyle'.
          Types of property 'cursor' are incompatible.
            Type 'string' is not assignable to type 'CursorValue'.
  Overload 2 of 2, '(props: ViewProps, context: any): View', gave the following error.
    Type 'TextStyle | ViewStyle | ImageStyle' is not assignable to type 'Falsy | ViewStyle | RegisteredStyle<ViewStyle> | RecursiveArray<Falsy | ViewStyle | RegisteredStyle<ViewStyle>> | readonly (Falsy | ... 1 more ... | RegisteredStyle<...>)[]'.
      Type 'TextStyle' is not assignable to type 'Falsy | ViewStyle | RegisteredStyle<ViewStyle> | RecursiveArray<Falsy | ViewStyle | RegisteredStyle<ViewStyle>> | readonly (Falsy | ... 1 more ... | RegisteredStyle<...>)[]'.
        Type 'TextStyle' is not assignable to type 'ViewStyle'.
          Types of property 'cursor' are incompatible.
            Type 'string' is not assignable to type 'CursorValue'.
app/module-detail/[id].tsx(1196,36): error TS2322: Type 'TextStyle | ViewStyle | ImageStyle' is not assignable to type 'StyleProp<ViewStyle>'.
  Type 'TextStyle' is not assignable to type 'StyleProp<ViewStyle>'.
    Type 'TextStyle' is not assignable to type 'ViewStyle'.
      Types of property 'cursor' are incompatible.
        Type 'string' is not assignable to type 'CursorValue'.
app/module-detail/[id].tsx(1197,57): error TS2322: Type 'TextStyle | ViewStyle | ImageStyle' is not assignable to type 'StyleProp<ViewStyle> | ((state: PressableStateCallbackType) => StyleProp<ViewStyle>)'.
  Type 'TextStyle' is not assignable to type 'StyleProp<ViewStyle> | ((state: PressableStateCallbackType) => StyleProp<ViewStyle>)'.
    Type 'TextStyle' is not assignable to type 'ViewStyle'.
      Types of property 'cursor' are incompatible.
        Type 'string' is not assignable to type 'CursorValue'.
app/module-detail/[id].tsx(1203,27): error TS2769: No overload matches this call.
  Overload 1 of 2, '(props: ViewProps): View', gave the following error.
    Type 'TextStyle | ViewStyle | ImageStyle' is not assignable to type 'StyleProp<ViewStyle>'.
      Type 'TextStyle' is not assignable to type 'StyleProp<ViewStyle>'.
        Type 'TextStyle' is not assignable to type 'ViewStyle'.
          Types of property 'cursor' are incompatible.
            Type 'string' is not assignable to type 'CursorValue'.
  Overload 2 of 2, '(props: ViewProps, context: any): View', gave the following error.
    Type 'TextStyle | ViewStyle | ImageStyle' is not assignable to type 'StyleProp<ViewStyle>'.
      Type 'TextStyle' is not assignable to type 'StyleProp<ViewStyle>'.
        Type 'TextStyle' is not assignable to type 'ViewStyle'.
          Types of property 'cursor' are incompatible.
            Type 'string' is not assignable to type 'CursorValue'.
app/module-detail/[id].tsx(1205,37): error TS2322: Type 'TextStyle | ViewStyle | ImageStyle' is not assignable to type 'StyleProp<ViewStyle> | ((state: PressableStateCallbackType) => StyleProp<ViewStyle>)'.
  Type 'TextStyle' is not assignable to type 'StyleProp<ViewStyle> | ((state: PressableStateCallbackType) => StyleProp<ViewStyle>)'.
    Type 'TextStyle' is not assignable to type 'ViewStyle'.
      Types of property 'cursor' are incompatible.
        Type 'string' is not assignable to type 'CursorValue'.
app/module-detail/[id].tsx(1214,62): error TS2322: Type 'TextStyle | ViewStyle | ImageStyle' is not assignable to type 'StyleProp<ViewStyle> | ((state: PressableStateCallbackType) => StyleProp<ViewStyle>)'.
  Type 'TextStyle' is not assignable to type 'StyleProp<ViewStyle> | ((state: PressableStateCallbackType) => StyleProp<ViewStyle>)'.
    Type 'TextStyle' is not assignable to type 'ViewStyle'.
      Types of property 'cursor' are incompatible.
        Type 'string' is not assignable to type 'CursorValue'.
app/module-detail/[id].tsx(1229,27): error TS2769: No overload matches this call.
  Overload 1 of 2, '(props: ViewProps): View', gave the following error.
    Type 'TextStyle | ViewStyle | ImageStyle' is not assignable to type 'StyleProp<ViewStyle>'.
      Type 'TextStyle' is not assignable to type 'StyleProp<ViewStyle>'.
        Type 'TextStyle' is not assignable to type 'ViewStyle'.
          Types of property 'cursor' are incompatible.
            Type 'string' is not assignable to type 'CursorValue'.
  Overload 2 of 2, '(props: ViewProps, context: any): View', gave the following error.
    Type 'TextStyle | ViewStyle | ImageStyle' is not assignable to type 'StyleProp<ViewStyle>'.
      Type 'TextStyle' is not assignable to type 'StyleProp<ViewStyle>'.
        Type 'TextStyle' is not assignable to type 'ViewStyle'.
          Types of property 'cursor' are incompatible.
            Type 'string' is not assignable to type 'CursorValue'.
app/module-detail/[id].tsx(1273,37): error TS2322: Type 'TextStyle | ViewStyle | ImageStyle' is not assignable to type 'Falsy | ViewStyle | RegisteredStyle<ViewStyle> | RecursiveArray<Falsy | ViewStyle | RegisteredStyle<ViewStyle>> | readonly (Falsy | ... 1 more ... | RegisteredStyle<...>)[]'.
  Type 'TextStyle' is not assignable to type 'Falsy | ViewStyle | RegisteredStyle<ViewStyle> | RecursiveArray<Falsy | ViewStyle | RegisteredStyle<ViewStyle>> | readonly (Falsy | ... 1 more ... | RegisteredStyle<...>)[]'.
    Type 'TextStyle' is not assignable to type 'ViewStyle'.
      Types of property 'cursor' are incompatible.
        Type 'string' is not assignable to type 'CursorValue'.
app/module-detail/[id].tsx(1287,37): error TS2322: Type 'TextStyle | ViewStyle | ImageStyle' is not assignable to type 'Falsy | ViewStyle | RegisteredStyle<ViewStyle> | RecursiveArray<Falsy | ViewStyle | RegisteredStyle<ViewStyle>> | readonly (Falsy | ... 1 more ... | RegisteredStyle<...>)[]'.
  Type 'TextStyle' is not assignable to type 'Falsy | ViewStyle | RegisteredStyle<ViewStyle> | RecursiveArray<Falsy | ViewStyle | RegisteredStyle<ViewStyle>> | readonly (Falsy | ... 1 more ... | RegisteredStyle<...>)[]'.
    Type 'TextStyle' is not assignable to type 'ViewStyle'.
      Types of property 'cursor' are incompatible.
        Type 'string' is not assignable to type 'CursorValue'.
app/module-detail/[id].tsx(1303,15): error TS2769: No overload matches this call.
  Overload 1 of 2, '(props: ViewProps): View', gave the following error.
    Type 'TextStyle | ViewStyle | ImageStyle' is not assignable to type 'StyleProp<ViewStyle>'.
      Type 'TextStyle' is not assignable to type 'StyleProp<ViewStyle>'.
        Type 'TextStyle' is not assignable to type 'ViewStyle'.
          Types of property 'cursor' are incompatible.
            Type 'string' is not assignable to type 'CursorValue'.
  Overload 2 of 2, '(props: ViewProps, context: any): View', gave the following error.
    Type 'TextStyle | ViewStyle | ImageStyle' is not assignable to type 'StyleProp<ViewStyle>'.
      Type 'TextStyle' is not assignable to type 'StyleProp<ViewStyle>'.
        Type 'TextStyle' is not assignable to type 'ViewStyle'.
          Types of property 'cursor' are incompatible.
            Type 'string' is not assignable to type 'CursorValue'.
app/module-detail/[id].tsx(1304,27): error TS2769: No overload matches this call.
  Overload 1 of 2, '(props: ViewProps): View', gave the following error.
    Type 'TextStyle | ViewStyle | ImageStyle' is not assignable to type 'Falsy | ViewStyle | RegisteredStyle<ViewStyle> | RecursiveArray<Falsy | ViewStyle | RegisteredStyle<ViewStyle>> | readonly (Falsy | ... 1 more ... | RegisteredStyle<...>)[]'.
      Type 'TextStyle' is not assignable to type 'Falsy | ViewStyle | RegisteredStyle<ViewStyle> | RecursiveArray<Falsy | ViewStyle | RegisteredStyle<ViewStyle>> | readonly (Falsy | ... 1 more ... | RegisteredStyle<...>)[]'.
        Type 'TextStyle' is not assignable to type 'ViewStyle'.
          Types of property 'cursor' are incompatible.
            Type 'string' is not assignable to type 'CursorValue'.
  Overload 2 of 2, '(props: ViewProps, context: any): View', gave the following error.
    Type 'TextStyle | ViewStyle | ImageStyle' is not assignable to type 'Falsy | ViewStyle | RegisteredStyle<ViewStyle> | RecursiveArray<Falsy | ViewStyle | RegisteredStyle<ViewStyle>> | readonly (Falsy | ... 1 more ... | RegisteredStyle<...>)[]'.
      Type 'TextStyle' is not assignable to type 'Falsy | ViewStyle | RegisteredStyle<ViewStyle> | RecursiveArray<Falsy | ViewStyle | RegisteredStyle<ViewStyle>> | readonly (Falsy | ... 1 more ... | RegisteredStyle<...>)[]'.
        Type 'TextStyle' is not assignable to type 'ViewStyle'.
          Types of property 'cursor' are incompatible.
            Type 'string' is not assignable to type 'CursorValue'.
app/module-detail/[id].tsx(1305,23): error TS2769: No overload matches this call.
  Overload 1 of 2, '(props: ViewProps): View', gave the following error.
    Type 'TextStyle | ViewStyle | ImageStyle' is not assignable to type 'StyleProp<ViewStyle>'.
      Type 'TextStyle' is not assignable to type 'StyleProp<ViewStyle>'.
        Type 'TextStyle' is not assignable to type 'ViewStyle'.
          Types of property 'cursor' are incompatible.
            Type 'string' is not assignable to type 'CursorValue'.
  Overload 2 of 2, '(props: ViewProps, context: any): View', gave the following error.
    Type 'TextStyle | ViewStyle | ImageStyle' is not assignable to type 'StyleProp<ViewStyle>'.
      Type 'TextStyle' is not assignable to type 'StyleProp<ViewStyle>'.
        Type 'TextStyle' is not assignable to type 'ViewStyle'.
          Types of property 'cursor' are incompatible.
            Type 'string' is not assignable to type 'CursorValue'.
app/module-detail/[id].tsx(1312,45): error TS2322: Type 'TextStyle | ViewStyle | ImageStyle' is not assignable to type 'StyleProp<TextStyle>'.
  Type 'ViewStyle' is not assignable to type 'StyleProp<TextStyle>'.
    Type 'ViewStyle' is not assignable to type 'TextStyle'.
      Types of property 'userSelect' are incompatible.
        Type 'string' is not assignable to type '"text" | "auto" | "none" | "contain" | "all"'.
app/module-detail/[id].tsx(1313,29): error TS2322: Type 'TextStyle | ViewStyle | ImageStyle' is not assignable to type 'StyleProp<TextStyle>'.
  Type 'ViewStyle' is not assignable to type 'StyleProp<TextStyle>'.
    Type 'ViewStyle' is not assignable to type 'TextStyle'.
      Types of property 'userSelect' are incompatible.
        Type 'string' is not assignable to type '"text" | "auto" | "none" | "contain" | "all"'.
app/module-detail/[id].tsx(1325,29): error TS2322: Type 'TextStyle | ViewStyle | ImageStyle' is not assignable to type 'Falsy | ViewStyle | RegisteredStyle<ViewStyle> | RecursiveArray<Falsy | ViewStyle | RegisteredStyle<ViewStyle>> | readonly (Falsy | ... 1 more ... | RegisteredStyle<...>)[]'.
  Type 'TextStyle' is not assignable to type 'Falsy | ViewStyle | RegisteredStyle<ViewStyle> | RecursiveArray<Falsy | ViewStyle | RegisteredStyle<ViewStyle>> | readonly (Falsy | ... 1 more ... | RegisteredStyle<...>)[]'.
    Type 'TextStyle' is not assignable to type 'ViewStyle'.
      Types of property 'cursor' are incompatible.
        Type 'string' is not assignable to type 'CursorValue'.
app/module-detail/[id].tsx(1354,19): error TS2322: Type 'TextStyle | ViewStyle | ImageStyle' is not assignable to type 'StyleProp<ViewStyle> | ((state: PressableStateCallbackType) => StyleProp<ViewStyle>)'.
  Type 'TextStyle' is not assignable to type 'StyleProp<ViewStyle> | ((state: PressableStateCallbackType) => StyleProp<ViewStyle>)'.
    Type 'TextStyle' is not assignable to type 'ViewStyle'.
      Types of property 'cursor' are incompatible.
        Type 'string' is not assignable to type 'CursorValue'.
app/module-detail/[id].tsx(1360,18): error TS2769: No overload matches this call.
  Overload 1 of 2, '(props: ViewProps): View', gave the following error.
    Type 'TextStyle | ViewStyle | ImageStyle' is not assignable to type 'StyleProp<ViewStyle>'.
      Type 'TextStyle' is not assignable to type 'StyleProp<ViewStyle>'.
        Type 'TextStyle' is not assignable to type 'ViewStyle'.
          Types of property 'cursor' are incompatible.
            Type 'string' is not assignable to type 'CursorValue'.
  Overload 2 of 2, '(props: ViewProps, context: any): View', gave the following error.
    Type 'TextStyle | ViewStyle | ImageStyle' is not assignable to type 'StyleProp<ViewStyle>'.
      Type 'TextStyle' is not assignable to type 'StyleProp<ViewStyle>'.
        Type 'TextStyle' is not assignable to type 'ViewStyle'.
          Types of property 'cursor' are incompatible.
            Type 'string' is not assignable to type 'CursorValue'.
app/module-detail/[id].tsx(1361,21): error TS2769: No overload matches this call.
  Overload 1 of 2, '(props: ViewProps): View', gave the following error.
    Type 'TextStyle | ViewStyle | ImageStyle' is not assignable to type 'StyleProp<ViewStyle>'.
      Type 'TextStyle' is not assignable to type 'StyleProp<ViewStyle>'.
        Type 'TextStyle' is not assignable to type 'ViewStyle'.
          Types of property 'cursor' are incompatible.
            Type 'string' is not assignable to type 'CursorValue'.
  Overload 2 of 2, '(props: ViewProps, context: any): View', gave the following error.
    Type 'TextStyle | ViewStyle | ImageStyle' is not assignable to type 'StyleProp<ViewStyle>'.
      Type 'TextStyle' is not assignable to type 'StyleProp<ViewStyle>'.
        Type 'TextStyle' is not assignable to type 'ViewStyle'.
          Types of property 'cursor' are incompatible.
            Type 'string' is not assignable to type 'CursorValue'.
app/module-detail/[id].tsx(1369,21): error TS2769: No overload matches this call.
  Overload 1 of 2, '(props: ViewProps): View', gave the following error.
    Type 'TextStyle | ViewStyle | ImageStyle' is not assignable to type 'StyleProp<ViewStyle>'.
      Type 'TextStyle' is not assignable to type 'StyleProp<ViewStyle>'.
        Type 'TextStyle' is not assignable to type 'ViewStyle'.
          Types of property 'cursor' are incompatible.
            Type 'string' is not assignable to type 'CursorValue'.
  Overload 2 of 2, '(props: ViewProps, context: any): View', gave the following error.
    Type 'TextStyle | ViewStyle | ImageStyle' is not assignable to type 'StyleProp<ViewStyle>'.
      Type 'TextStyle' is not assignable to type 'StyleProp<ViewStyle>'.
        Type 'TextStyle' is not assignable to type 'ViewStyle'.
          Types of property 'cursor' are incompatible.
            Type 'string' is not assignable to type 'CursorValue'.
app/module-detail/[id].tsx(1375,21): error TS2769: No overload matches this call.
  Overload 1 of 2, '(props: ViewProps): View', gave the following error.
    Type 'TextStyle | ViewStyle | ImageStyle' is not assignable to type 'StyleProp<ViewStyle>'.
      Type 'TextStyle' is not assignable to type 'StyleProp<ViewStyle>'.
        Type 'TextStyle' is not assignable to type 'ViewStyle'.
          Types of property 'cursor' are incompatible.
            Type 'string' is not assignable to type 'CursorValue'.
  Overload 2 of 2, '(props: ViewProps, context: any): View', gave the following error.
    Type 'TextStyle | ViewStyle | ImageStyle' is not assignable to type 'StyleProp<ViewStyle>'.
      Type 'TextStyle' is not assignable to type 'StyleProp<ViewStyle>'.
        Type 'TextStyle' is not assignable to type 'ViewStyle'.
          Types of property 'cursor' are incompatible.
            Type 'string' is not assignable to type 'CursorValue'.
app/module-detail/[id].tsx(1384,21): error TS2769: No overload matches this call.
  Overload 1 of 2, '(props: ViewProps): View', gave the following error.
    Type 'TextStyle | ViewStyle | ImageStyle' is not assignable to type 'StyleProp<ViewStyle>'.
      Type 'TextStyle' is not assignable to type 'StyleProp<ViewStyle>'.
        Type 'TextStyle' is not assignable to type 'ViewStyle'.
          Types of property 'cursor' are incompatible.
            Type 'string' is not assignable to type 'CursorValue'.
  Overload 2 of 2, '(props: ViewProps, context: any): View', gave the following error.
    Type 'TextStyle | ViewStyle | ImageStyle' is not assignable to type 'StyleProp<ViewStyle>'.
      Type 'TextStyle' is not assignable to type 'StyleProp<ViewStyle>'.
        Type 'TextStyle' is not assignable to type 'ViewStyle'.
          Types of property 'cursor' are incompatible.
            Type 'string' is not assignable to type 'CursorValue'.
app/module-detail/[id].tsx(1411,18): error TS2769: No overload matches this call.
  Overload 1 of 2, '(props: ViewProps): View', gave the following error.
    Type 'TextStyle | ViewStyle | ImageStyle' is not assignable to type 'StyleProp<ViewStyle>'.
      Type 'TextStyle' is not assignable to type 'StyleProp<ViewStyle>'.
        Type 'TextStyle' is not assignable to type 'ViewStyle'.
          Types of property 'cursor' are incompatible.
            Type 'string' is not assignable to type 'CursorValue'.
  Overload 2 of 2, '(props: ViewProps, context: any): View', gave the following error.
    Type 'TextStyle | ViewStyle | ImageStyle' is not assignable to type 'StyleProp<ViewStyle>'.
      Type 'TextStyle' is not assignable to type 'StyleProp<ViewStyle>'.
        Type 'TextStyle' is not assignable to type 'ViewStyle'.
          Types of property 'cursor' are incompatible.
            Type 'string' is not assignable to type 'CursorValue'.
app/module-detail/[id].tsx(1416,31): error TS2322: Type 'TextStyle | ViewStyle | ImageStyle' is not assignable to type 'Falsy | ViewStyle | RegisteredStyle<ViewStyle> | RecursiveArray<Falsy | ViewStyle | RegisteredStyle<ViewStyle>> | readonly (Falsy | ... 1 more ... | RegisteredStyle<...>)[]'.
  Type 'TextStyle' is not assignable to type 'Falsy | ViewStyle | RegisteredStyle<ViewStyle> | RecursiveArray<Falsy | ViewStyle | RegisteredStyle<ViewStyle>> | readonly (Falsy | ... 1 more ... | RegisteredStyle<...>)[]'.
    Type 'TextStyle' is not assignable to type 'ViewStyle'.
      Types of property 'cursor' are incompatible.
        Type 'string' is not assignable to type 'CursorValue'.
app/module-detail/[id].tsx(1446,32): error TS2322: Type 'TextStyle | ViewStyle | ImageStyle' is not assignable to type 'Falsy | ViewStyle | RegisteredStyle<ViewStyle> | RecursiveArray<Falsy | ViewStyle | RegisteredStyle<ViewStyle>> | readonly (Falsy | ... 1 more ... | RegisteredStyle<...>)[]'.
  Type 'TextStyle' is not assignable to type 'Falsy | ViewStyle | RegisteredStyle<ViewStyle> | RecursiveArray<Falsy | ViewStyle | RegisteredStyle<ViewStyle>> | readonly (Falsy | ... 1 more ... | RegisteredStyle<...>)[]'.
    Type 'TextStyle' is not assignable to type 'ViewStyle'.
      Types of property 'cursor' are incompatible.
        Type 'string' is not assignable to type 'CursorValue'.
app/module-detail/[id].tsx(1497,25): error TS2322: Type 'TextStyle | ViewStyle | ImageStyle' is not assignable to type 'Falsy | ViewStyle | RegisteredStyle<ViewStyle> | RecursiveArray<Falsy | ViewStyle | RegisteredStyle<ViewStyle>> | readonly (Falsy | ... 1 more ... | RegisteredStyle<...>)[]'.
  Type 'TextStyle' is not assignable to type 'Falsy | ViewStyle | RegisteredStyle<ViewStyle> | RecursiveArray<Falsy | ViewStyle | RegisteredStyle<ViewStyle>> | readonly (Falsy | ... 1 more ... | RegisteredStyle<...>)[]'.
    Type 'TextStyle' is not assignable to type 'ViewStyle'.
      Types of property 'cursor' are incompatible.
        Type 'string' is not assignable to type 'CursorValue'.
components/parallax-scroll-view.tsx(30,48): error TS2345: Argument of type '() => { transform: ({ translateY: number; scale?: undefined; } | { scale: number; translateY?: undefined; })[]; }' is not assignable to parameter of type '() => DefaultStyle'.
  Type '{ transform: ({ translateY: number; scale?: undefined; } | { scale: number; translateY?: undefined; })[]; }' is not assignable to type 'DefaultStyle'.
    Type '{ transform: ({ translateY: number; scale?: undefined; } | { scale: number; translateY?: undefined; })[]; }' is not assignable to type 'ImageStyle'.
      Types of property 'transform' are incompatible.
        Type '({ translateY: number; scale?: undefined; } | { scale: number; translateY?: undefined; })[]' is not assignable to type 'string | readonly (({ perspective: AnimatableNumericValue; } & { rotate?: never; rotateX?: never; rotateY?: never; rotateZ?: never; scale?: never; scaleX?: never; scaleY?: never; ... 4 more ...; matrix?: never; }) | ... 11 more ... | ({ ...; } & { ...; }))[]'.
          Type '({ translateY: number; scale?: undefined; } | { scale: number; translateY?: undefined; })[]' is not assignable to type 'readonly (({ perspective: AnimatableNumericValue; } & { rotate?: never; rotateX?: never; rotateY?: never; rotateZ?: never; scale?: never; scaleX?: never; scaleY?: never; translateX?: never; translateY?: never; skewX?: never; skewY?: never; matrix?: never; }) | ... 11 more ... | ({ ...; } & { ...; }))[]'.
            Type '{ translateY: number; scale?: undefined; } | { scale: number; translateY?: undefined; }' is not assignable to type '({ perspective: AnimatableNumericValue; } & { rotate?: never; rotateX?: never; rotateY?: never; rotateZ?: never; scale?: never; scaleX?: never; scaleY?: never; translateX?: never; translateY?: never; skewX?: never; skewY?: never; matrix?: never; }) | ... 11 more ... | ({ ...; } & { ...; })'.
              Type '{ translateY: number; scale?: undefined; }' is not assignable to type '({ perspective: AnimatableNumericValue; } & { rotate?: never; rotateX?: never; rotateY?: never; rotateZ?: never; scale?: never; scaleX?: never; scaleY?: never; translateX?: never; translateY?: never; skewX?: never; skewY?: never; matrix?: never; }) | ... 11 more ... | ({ ...; } & { ...; })'.
                Type '{ translateY: number; scale?: undefined; }' is not assignable to type '{ matrix: AnimatableNumericValue[]; } & { perspective?: never; rotate?: never; rotateX?: never; rotateY?: never; rotateZ?: never; scale?: never; scaleX?: never; scaleY?: never; translateX?: never; translateY?: never; skewX?: never; skewY?: never; }'.
                  Property 'matrix' is missing in type '{ translateY: number; scale?: undefined; }' but required in type '{ matrix: AnimatableNumericValue[]; }'.
components/parallax-scroll-view.tsx(61,11): error TS2322: Type 'DefaultStyle' is not assignable to type 'false | "" | (false & Partial<CSSAnimationProperties> & Partial<CSSTransitionProperties>) | ("" & Partial<...> & Partial<...>) | ... 12 more ... | readonly (false | ... 13 more ... | RegisteredStyle<...>)[]'.
  Type 'TextStyle' is not assignable to type 'false | "" | (false & Partial<CSSAnimationProperties> & Partial<CSSTransitionProperties>) | ("" & Partial<...> & Partial<...>) | ... 12 more ... | readonly (false | ... 13 more ... | RegisteredStyle<...>)[]'.
    Type 'TextStyle' is not assignable to type '(false & Partial<CSSAnimationProperties> & Partial<CSSTransitionProperties>) | ("" & Partial<CSSAnimationProperties> & Partial<...>) | ... 12 more ... | readonly (false | ... 13 more ... | RegisteredStyle<...>)[]'.
      Type 'TextStyle' is not assignable to type '{ backfaceVisibility?: MaybeSharedValue<"visible"> | MaybeSharedValue<"hidden">; backgroundColor?: string | OpaqueColorValue | SharedValueDisableContravariance<...> | SharedValueDisableContravariance<...> | { ...; }; ... 171 more ...; translateY?: number | ... 3 more ... | { ...; }; }'.
        Types of property 'cursor' are incompatible.
          Type 'string' is not assignable to type '"auto" | "pointer" | SharedValueDisableContravariance<"auto"> | SharedValueDisableContravariance<"pointer">'.
store/examples.tsx(146,24): error TS2339: Property 'first_name' does not exist on type 'User'.
store/examples.tsx(146,49): error TS2339: Property 'last_name' does not exist on type 'User'.
